// Jest Snapshot v1, https://goo.gl/fbAQLP

exports[`EvdTransferSuccess Component matches snapshot 1`] = `
<View
  style={
    {
      "backgroundColor": "#ffffff",
      "flex": 1,
      "gap": 15,
    }
  }
>
  <RCTScrollView
    contentContainerStyle={
      {
        "gap": 24,
        "paddingTop": 12,
      }
    }
    style={
      {
        "padding": 16,
        "width": "100%",
      }
    }
  >
    <View>
      <Text>
        Success
      </Text>
      <View
        style={
          {
            "alignItems": "center",
            "flexDirection": "row",
            "gap": 10,
          }
        }
      >
        <Text>
          transactionID
        </Text>
        <Text>
          TX123
        </Text>
      </View>
      <Text>
        Balance: undefined
      </Text>
      <View
        style={
          [
            {
              "alignItems": "flex-start",
              "backgroundColor": "#FBF8FF",
              "borderRadius": 5,
              "elevation": 4,
              "gap": 10,
              "paddingHorizontal": 13,
              "paddingVertical": 8,
              "shadowColor": "#000000",
              "shadowOffset": {
                "height": 2,
                "width": 0,
              },
              "shadowOpacity": 0.12,
              "shadowRadius": 4,
              "width": "100%",
            },
            {
              "gap": 12,
              "paddingHorizontal": 16,
              "paddingVertical": 12,
            },
          ]
        }
      >
        <View
          style={
            {
              "gap": 12,
            }
          }
        >
          <Text>
            strings.partnerNameId
          </Text>
          <View
            style={
              {
                "flexDirection": "row",
                "gap": 10,
              }
            }
          >
            <Text>
              John
            </Text>
            <View
              style={
                {
                  "borderLeftColor": "#E8E5EC",
                  "borderLeftWidth": 1,
                }
              }
            />
            <Text>
              9876543210
            </Text>
          </View>
        </View>
        <View
          style={
            {
              "borderBottomColor": "#E8E5EC",
              "borderBottomWidth": 1,
              "width": "100%",
            }
          }
        />
        <View
          style={
            {
              "alignItems": "center",
              "flexDirection": "row",
              "gap": 12,
              "justifyContent": "space-between",
              "width": "100%",
            }
          }
        >
          <View
            style={
              {
                "gap": 12,
              }
            }
          >
            <Text>
              strings.amountTransferred
            </Text>
            <Text>
              formatted-undefined
            </Text>
          </View>
          <Text
            onPress={[Function]}
            testID="reverse-transfer-link"
          >
            strings.reverseTransfer
          </Text>
        </View>
      </View>
      <View
        accessibilityState={
          {
            "busy": undefined,
            "checked": undefined,
            "disabled": undefined,
            "expanded": undefined,
            "selected": undefined,
          }
        }
        accessibilityValue={
          {
            "max": undefined,
            "min": undefined,
            "now": undefined,
            "text": undefined,
          }
        }
        accessible={true}
        collapsable={false}
        focusable={true}
        onBlur={[Function]}
        onClick={[Function]}
        onFocus={[Function]}
        onResponderGrant={[Function]}
        onResponderMove={[Function]}
        onResponderRelease={[Function]}
        onResponderTerminate={[Function]}
        onResponderTerminationRequest={[Function]}
        onStartShouldSetResponder={[Function]}
        style={
          {
            "alignItems": "center",
            "backgroundColor": "#ffffff",
            "borderRadius": 4,
            "elevation": 4,
            "flexDirection": "row",
            "gap": 12,
            "justifyContent": "space-between",
            "padding": 8,
            "shadowColor": "#000000",
            "shadowOffset": {
              "height": 2,
              "width": 0,
            },
            "shadowOpacity": 0.12,
            "shadowRadius": 4,
            "width": "100%",
          }
        }
      >
        <Text>
          strings.partnerForwardTransfer
        </Text>
        <View
          style={
            {
              "alignItems": "center",
              "height": 25,
              "justifyContent": "center",
              "width": 25,
            }
          }
        />
      </View>
    </View>
  </RCTScrollView>
  <View
    style={
      [
        {
          "backgroundColor": "#ffffff",
          "elevation": 8,
          "gap": 10,
          "paddingHorizontal": 16,
          "paddingVertical": 20,
          "shadowColor": "#000000",
          "shadowOffset": {
            "height": -4,
            "width": 0,
          },
          "shadowOpacity": 0.14,
          "shadowRadius": 25,
        },
        {
          "alignItems": "center",
          "flexDirection": "row",
          "gap": 10,
        },
      ]
    }
  >
    <View
      accessibilityState={
        {
          "busy": undefined,
          "checked": undefined,
          "disabled": undefined,
          "expanded": undefined,
          "selected": undefined,
        }
      }
      accessibilityValue={
        {
          "max": undefined,
          "min": undefined,
          "now": undefined,
          "text": undefined,
        }
      }
      accessible={true}
      collapsable={false}
      focusable={true}
      onClick={[Function]}
      onResponderGrant={[Function]}
      onResponderMove={[Function]}
      onResponderRelease={[Function]}
      onResponderTerminate={[Function]}
      onResponderTerminationRequest={[Function]}
      onStartShouldSetResponder={[Function]}
      style={
        {
          "opacity": 1,
        }
      }
      testID="home-button"
    >
      <Text>
        strings.backToHome
      </Text>
    </View>
  </View>
</View>
`;
