info A dev server is already running for this project on port 8081.
info Found Xcode workspace "tpSales.xcworkspace"
info Found booted iPhone SE (3rd generation)
info Building (using "xcodebuild -workspace tpSales.xcworkspace -configuration Debug -scheme tpSales -destination id=A44F44B5-DB85-4907-BF33-B35DA7754CD3")
- Building the app.........
- Building the app........
- Building the app.....
- Building the app......
- Building the app.....
- Building the app........
- Building the app..
- Building the app........
- Building the app..
- Building the app
- Building the app..
- Building the app......
- Building the app......
- Building the app
- Building the app..
- Building the app......
- Building the app....
- Building the app
- Building the app....
- Building the app.....
- Building the app
- Building the app.
- Building the app....
- Building the app......
- Building the app.......
- Building the app.....
- Building the app......
- Building the app.......
- Building the app........
- Building the app.
- Building the app..
- Building the app
- Building the app.
- Building the app....
- Building the app.....
- Building the app.........
- Building the app
- Building the app.........
- Building the app
- Building the app..
- Building the app...
- Building the app..
- Building the app...
- Building the app
- Building the app.
- Building the app.........
- Building the app
- Building the app..
- Building the app........
- Building the app.......
- Building the app........
- Building the app
- Building the app.
- Building the app
- Building the app.
- Building the app.....
- Building the app......
- Building the app....
- Building the app.....
- Building the app..
- Building the app...
- Building the app.........
- Building the app
- Building the app.....
- Building the app......
- Building the app..
- Building the app...
- Building the app.......
- Building the app....
- Building the app........
- Building the app.........
- Building the app......
- Building the app.......
- Building the app
- Building the app.
- Building the app
- Building the app.
- Building the app....
- Building the app......
- Building the app.......
- Building the app......
- Building the app.......
- Building the app.........
- Building the app
- Building the app.......
- Building the app...
- Building the app.....
- Building the app.......
- Building the app.........
- Building the app.
- Building the app......
- Building the app........
- Building the app..
- Building the app....
- Building the app......
- Building the app........
- Building the app
- Building the app..
- Building the app.....
- Building the app.
- Building the app..
- Building the app....
- Building the app......
- Building the app........
- Building the app
- Building the app..
- Building the app.......
- Building the app
- Building the app..
- Building the app....
- Building the app......
- Building the app........
- Building the app
- Building the app...
- Building the app.....
- Building the app.......
- Building the app.........
- Building the app.
- Building the app...
- Building the app....
- Building the app.........
- Building the app.
- Building the app...
- Building the app.....
- Building the app.......
- Building the app.........
- Building the app....
- Building the app.....
- Building the app.
- Building the app..
- Building the app....
- Building the app......
- Building the app........
- Building the app
- Building the app..
- Building the app..
- Building the app.
- Building the app...
- Building the app.....
- Building the app.......
- Building the app.........
- Building the app.
- Building the app......
- Building the app.
- Building the app....
- Building the app.....
- Building the app.
- Building the app...
- Building the app.....
- Building the app.......
- Building the app.........
- Building the app.
- Building the app.
- Building the app...
- Building the app.....
- Building the app.......
- Building the app.........
- Building the app.
- Building the app...
- Building the app......
- Building the app.......
- Building the app.....
- Building the app...
- Building the app....
- Building the app.
- Building the app.......
- Building the app.........
- Building the app.
- Building the app...
- Building the app.....
- Building the app.......
- Building the app.......
- Building the app....
- Building the app.....
- Building the app...
- Building the app.....
- Building the app.......
- Building the app.........
- Building the app.
- Building the app...
- Building the app.....
- Building the app.....
- Building the app......
- Building the app........
- Building the app
- Building the app..
- Building the app....
- Building the app......
- Building the app........
- Building the app.....
- Building the app......
- Building the app...
- Building the app.........
- Building the app
- Building the app......
- Building the app........
- Building the app
- Building the app..
- Building the app....
- Building the app......
- Building the app........
- Building the app.......
- Building the app.........
- Building the app.
- Building the app...
- Building the app.....
- Building the app.......
- Building the app...
- Building the app....
- Building the app...
- Building the app.....
- Building the app.......
- Building the app.........
- Building the app.
- Building the app...
- Building the app.....
- Building the app......
- Building the app....
- Building the app
- Building the app.....
- Building the app.......
- Building the app.....
- Building the app...
- Building the app.....
- Building the app.......
- Building the app.........
- Building the app.
- Building the app...
- Building the app.....
- Building the app.......
- Building the app.......
- Building the app.........
- Building the app.
- Building the app...
- Building the app.....
- Building the app.......
- Building the app.........
- Building the app...
- Building the app.........
- Building the app
- Building the app..
- Building the app....
- Building the app......
- Building the app........
- Building the app
- Building the app..
- Building the app...
- Building the app..
- Building the app
- Building the app.
- Building the app.........
- Building the app......
- Building the app.......
- Building the app..
- Building the app...
- Building the app..
- Building the app
- Building the app.
- Building the app......
- Building the app.......
- Building the app.........
- Building the app.
- Building the app...
- Building the app.....
- Building the app.......
- Building the app.........
- Building the app...
- Building the app....
- Building the app.....
- Building the app........
- Building the app.........
- Building the app......
- Building the app.......
- Building the app.......
- Building the app........
- Building the app..
- Building the app....
- Building the app......
- Building the app........
- Building the app
- Building the app..
- Building the app....
- Building the app....
- Building the app.....
- Building the app.......
- Building the app.........
- Building the app.
- Building the app...
- Building the app.....
- Building the app.......
- Building the app..
- Building the app....
- Building the app......
- Building the app........
- Building the app
- Building the app..
- Building the app....
- Building the app......
- Building the app........
- Building the app
- Building the app..
- Building the app....
- Building the app......
- Building the app........
- Building the app...
- Building the app.........
- Building the app
- Building the app..
- Building the app....
- Building the app......
- Building the app........
- Building the app
- Building the app..
- Building the app........
- Building the app
- Building the app..
- Building the app....
- Building the app......
- Building the app........
- Building the app
- Building the app.....
- Building the app.......
- Building the app.........
- Building the app.
- Building the app...
- Building the app.....
- Building the app.......
- Building the app.
- Building the app..
- Building the app.
- Building the app..
- Building the app...
- Building the app....
- Building the app.
- Building the app..
- Building the app...
- Building the app..
- Building the app...
- Building the app.....
- Building the app.......
- Building the app.........
- Building the app.
- Building the app...
- Building the app.....
- Building the app
- Building the app.
- Building the app...
- Building the app.....
- Building the app.......
- Building the app.........
- Building the app.
- Building the app...
- Building the app
- Building the app..
- Building the app....
- Building the app......
- Building the app........
- Building the app
- Building the app..
- Building the app..
- Building the app.....
- Building the app.........
- Building the app.
- Building the app...
- Building the app.....
- Building the app.......
- Building the app.........
- Building the app.
- Building the app
- Building the app.
- Building the app...
- Building the app.....
- Building the app.......
- Building the app.........
- Building the app.
- Building the app...
- Building the app...
- Building the app.........
- Building the app.
- Building the app...
- Building the app....
- Building the app........
- Building the app.........
- Building the app.........
- Building the app
- Building the app...
- Building the app....
- Building the app..
- Building the app...
- Building the app.......
- Building the app........
- Building the app..
- Building the app...
- Building the app...
- Building the app....
- Building the app........
- Building the app.........
- Building the app...
- Building the app.......
- Building the app........
- Building the app...
- Building the app....
- Building the app..
- Building the app...
- Building the app...
- Building the app....
- Building the app........
- Building the app.........
- Building the app...
- Building the app.....
- Building the app......
- Building the app...
- Building the app........
- Building the app.........
- Building the app......
- Building the app.......
- Building the app.......
- Building the app
- Building the app.
- Building the app...
- Building the app....
- Building the app.
- Building the app..
- Building the app
- Building the app.
- Building the app.....
- Building the app......
- Building the app....
- Building the app.....
- Building the app....
- Building the app.....
- Building the app.
- Building the app..
- Building the app...
- Building the app....
- Building the app......
- Building the app.......
- Building the app
- Building the app.
- Building the app....
- Building the app.....
- Building the app.........
- Building the app
- Building the app.........
- Building the app
- Building the app........
- Building the app.........
- Building the app.........
- Building the app
- Building the app
- Building the app.
- Building the app
- Building the app.....
- Building the app......
- Building the app
- Building the app.
- Building the app...
- Building the app....
- Building the app....
- Building the app.....
- Building the app.........
- Building the app
- Building the app.........
- Building the app
- Building the app..
- Building the app...
- Building the app.
- Building the app..
- Building the app.....
- Building the app......
- Building the app..
- Building the app...
- Building the app......
- Building the app.......
- Building the app
- Building the app..
- Building the app....
- Building the app......
- Building the app........
- Building the app
- Building the app..
- Building the app.....
- Building the app.......
- Building the app........
- Building the app.
- Building the app..
- Building the app.......
- Building the app........
- Building the app.....
- Building the app......
- Building the app..
- Building the app........
- Building the app.........
- Building the app.
- Building the app..
- Building the app...
- Building the app.....
- Building the app........
- Building the app.....
- Building the app......
- Building the app
- Building the app.........
- Building the app....
- Building the app.....
- Building the app...
- Building the app.......
- Building the app
- Building the app.
- Building the app...
- Building the app........
- Building the app
- Building the app
- Building the app.....
- Building the app
- Building the app..
- Building the app..
- Building the app...
- Building the app.........
- Building the app
- Building the app......
- Building the app........
- Building the app........
- Building the app.........
- Building the app.
- Building the app.........
- Building the app.......
- Building the app.....
- Building the app...
- Building the app.....
- Building the app......
- Building the app........
- Building the app.....
- Building the app......
- Building the app........
- Building the app.........
- Building the app.
- Building the app..
- Building the app
- Building the app.
- Building the app.
- Building the app..
- Building the app.........
- Building the app...
- Building the app.........
- Building the app
- Building the app.........
- Building the app
- Building the app..
- Building the app.....
- Building the app......
- Building the app........
- Building the app
- Building the app........
- Building the app.........
- Building the app.
- Building the app
- Building the app..
- Building the app......
- Building the app.......
- Building the app.........
- Building the app..
- Building the app...
- Building the app....
- Building the app.........
- Building the app
- Building the app..
- Building the app....
- Building the app......
- Building the app........
- Building the app
- Building the app..
- Building the app...
- Building the app....
- Building the app.......
- Building the app.....
- Building the app......
- Building the app..
- Building the app..
- Building the app...
- Building the app....
- Building the app
- Building the app....
- Building the app.....
- Building the app....
- Building the app......
- Building the app......
- Building the app......
- Building the app..
- Building the app..
- Building the app.....
- Building the app......
- Building the app.......
- Building the app..
- Building the app....
- Building the app......
- Building the app........
- Building the app
- Building the app..
- Building the app....
- Building the app......
- Building the app...
- Building the app
- Building the app..
- Building the app....
- Building the app.....
- Building the app
- Building the app..
- Building the app..
- Building the app......
- Building the app..
- Building the app........
- Building the app.....
- Building the app.......
- Building the app
- Building the app
- Building the app...
- Building the app..
- Building the app.
- Building the app........
- Building the app..
- Building the app......
- Building the app.........
- Building the app........
- Building the app.........
- Building the app.....
- Building the app........
- Building the app
- Building the app..
- Building the app........
- Building the app....
- Building the app.....
- Building the app.......
- Building the app....
- Building the app.....
- Building the app.
- Building the app
- Building the app....
- Building the app...
- Building the app.....
- Building the app
- Building the app.
- Building the app...
- Building the app........
- Building the app
- Building the app..
- Building the app....
- Building the app....
- Building the app..
- Building the app...
- Building the app.....
- Building the app...
- Building the app.......
- Building the app........
- Building the app.........
- Building the app........
- Building the app.........
- Building the app.
- Building the app......
- Building the app.......
- Building the app.
- Building the app..
- Building the app..
- Building the app..
- Building the app...
- Building the app........
- Building the app.........
- Building the app.
- Building the app
- Building the app.
- Building the app
- Building the app..
- Building the app.
- Building the app........
- Building the app.........
- Building the app.
- Building the app.......
- Building the app........
- Building the app
- Building the app........
- Building the app.......
- Building the app........
- Building the app......
- Building the app.......
- Building the app.........
- Building the app.......
- Building the app.......
- Building the app.......
- Building the app.....
- Building the app.......
- Building the app........
- Building the app.....
- Building the app....
- Building the app......
- Building the app...
- Building the app.......
- Building the app......
- Building the app..
- Building the app...
- Building the app........
- Building the app......
- Building the app.......
- Building the app........
- Building the app
- Building the app.......
- Building the app
- Building the app.
- Building the app......
- Building the app........
- Building the app.
- Building the app.
- Building the app..
- Building the app........
- Building the app..
- Building the app...
- Building the app
- Building the app.
- Building the app..
- Building the app.......
- Building the app.
- Building the app..
- Building the app........
- Building the app..
- Building the app...
- Building the app...
- Building the app....
- Building the app......
- Building the app.......
- Building the app.......
- Building the app........
- Building the app.
- Building the app...
- Building the app........
- Building the app....
- Building the app.....
- Building the app....
- Building the app......
- Building the app.......
- Building the app........
- Building the app.....
- Building the app......
- Building the app....
- Building the app
- Building the app...
- Building the app...
- Building the app....
- Building the app.........
- Building the app......
- Building the app.
- Building the app...
- Building the app....
- Building the app......
- Building the app
- Building the app......
- Building the app........
- Building the app.........
- Building the app......
- Building the app
- Building the app......
- Building the app.......
- Building the app.........
- Building the app.......
- Building the app.........
- Building the app
- Building the app.
- Building the app...
- Building the app....
- Building the app.....
- Building the app....
- Building the app......
- Building the app..
- Building the app...
- Building the app.........
- Building the app.
- Building the app...
- Building the app.
- Building the app
- Building the app..
- Building the app....
- Building the app......
- Building the app.......
- Building the app.
- Building the app..
- Building the app.........
- Building the app
- Building the app..
- Building the app....
- Building the app......
- Building the app........
- Building the app
- Building the app..
- Building the app....
- Building the app...
- Building the app....
- Building the app..
- Building the app.....
- Building the app.....
- Building the app......
- Building the app....
- Building the app....
- Building the app.....
- Building the app....
- Building the app.....
- Building the app
- Building the app...
- Building the app....
- Building the app......
- Building the app........
- Building the app
- Building the app..
- Building the app....
- Building the app......
- Building the app.....
- Building the app.......
- Building the app.........
- Building the app.
- Building the app...
- Building the app.....
- Building the app.......
- Building the app.......
- Building the app.........
- Building the app.
- Building the app...
- Building the app.....
- Building the app.......
- Building the app.........
- Building the app
- Building the app.
- Building the app...
- Building the app.....
- Building the app.......
- Building the app.........
- Building the app.
- Building the app...
- Building the app.......
- Building the app.........
- Building the app.
- Building the app...
- Building the app.....
- Building the app.......
- Building the app.........
- Building the app.....
- Building the app.......
- Building the app.........
- Building the app.
- Building the app...
- Building the app.....
- Building the app.......
- Building the app..
- Building the app....
- Building the app......
- Building the app........
- Building the app
- Building the app..
- Building the app....
- Building the app..
- Building the app....
- Building the app......
- Building the app........
- Building the app
- Building the app..
- Building the app....
- Building the app...
- Building the app......
- Building the app.......
- Building the app........
- Building the app
- Building the app..
- Building the app....
- Building the app......
- Building the app........
- Building the app
- Building the app.......
- Building the app........
- Building the app
- Building the app..
- Building the app....
- Building the app....
- Building the app.....
- Building the app......
- Building the app...
- Building the app......
- Building the app.......
- Building the app.........
- Building the app.
- Building the app.......
- Building the app........
- Building the app.
- Building the app..
- Building the app....
- Building the app......
- Building the app........
- Building the app
- Building the app..
- Building the app....
- Building the app......
- Building the app........
- Building the app
- Building the app..
- Building the app....
- Building the app......
- Building the app........
- Building the app....
- Building the app......
- Building the app..
- Building the app....
- Building the app..
- Building the app...
- Building the app....
- Building the app......
- Building the app.......
- Building the app.
- Building the app..
- Building the app.......
- Building the app.........
- Building the app.
- Building the app...
- Building the app.....
- Building the app.......
- Building the app.........
- Building the app.
- Building the app...
- Building the app.....
- Building the app.......
- Building the app.........
- Building the app.
- Building the app...
- Building the app.........
- Building the app.
- Building the app...
- Building the app.....
- Building the app.......
- Building the app.........
- Building the app.
- Building the app...
- Building the app.....
- Building the app.......
- Building the app.........
- Building the app.
- Building the app...
- Building the app.....
- Building the app...
- Building the app..
- Building the app.....
- Building the app......
- Building the app.
- Building the app...
- Building the app....
- Building the app.......
- Building the app........
- Building the app.........
- Building the app
- Building the app..
- Building the app....
- Building the app....
- Building the app.......
success Successfully built the app
--- xcodebuild: WARNING: Using the first of multiple matching destinations:
{ platform:iOS Simulator, id:dvtdevice-DVTiOSDeviceSimulatorPlaceholder-iphonesimulator:placeholder, name:Any iOS Simulator Device }
{ platform:iOS Simulator, id:275DA418-8B9B-412E-A841-E33C91B25582, OS:18.3.1, name:iPad (10th generation) }
{ platform:iOS Simulator, id:BCB13B3A-3ECB-4CF7-9712-D36C817C2FAB, OS:18.3.1, name:iPad (A16) }
{ platform:iOS Simulator, id:CD68A567-5C2C-4EA8-8D82-00D36C3FEB0E, OS:18.3.1, name:iPad Air 11-inch (M2) }
{ platform:iOS Simulator, id:2444A94E-D80E-4CB4-B128-427694A727A0, OS:18.3.1, name:iPad Air 11-inch (M3) }
{ platform:iOS Simulator, id:4F8ADB98-2C67-4481-9C32-583341A6982A, OS:18.3.1, name:iPad Air 13-inch (M2) }
{ platform:iOS Simulator, id:AA16A28B-C8FA-49A8-BEBD-79E4FAA75CAC, OS:18.3.1, name:iPad Air 13-inch (M3) }
{ platform:iOS Simulator, id:684CCC2A-EDED-4D61-895F-436E14EFC1AF, OS:18.3.1, name:iPad Pro 11-inch (M4) }
{ platform:iOS Simulator, id:DA8DBC19-40AD-43C3-A179-3C881DD1149B, OS:18.3.1, name:iPad Pro 13-inch (M4) }
{ platform:iOS Simulator, id:E89A0792-5293-4C78-96A3-1A160440B473, OS:18.3.1, name:iPad mini (A17 Pro) }
{ platform:iOS Simulator, id:456C8809-EF23-4661-9946-DB6DB4E170BD, OS:18.3.1, name:iPhone 16 }
{ platform:iOS Simulator, id:7B65FE44-1D47-4C60-98A5-E5A83BB09363, OS:18.3.1, name:iPhone 16 }
{ platform:iOS Simulator, id:2549186A-0642-446A-8FD7-870FE434BCC4, OS:18.3.1, name:iPhone 16 Plus }
{ platform:iOS Simulator, id:AF83BA16-8CAE-4F48-9468-D044FB493E2E, OS:18.3.1, name:iPhone 16 Pro }
{ platform:iOS Simulator, id:E66DD091-648E-4E97-B336-CE1E2E5C455C, OS:18.3.1, name:iPhone 16 Pro Max }
{ platform:iOS Simulator, id:7A0AFAE0-5C3B-4463-A2E3-6A4035802789, OS:18.3.1, name:iPhone 16e }
{ platform:iOS Simulator, id:A44F44B5-DB85-4907-BF33-B35DA7754CD3, OS:18.3.1, name:iPhone SE (3rd generation) }
{ platform:iOS, id:dvtdevice-DVTiPhonePlaceholder-iphoneos:placeholder, name:Any iOS Device }
info Installing "/Users/eswaransrirengan/Library/Developer/Xcode/DerivedData/tpSales-hdctqjsrcmpgvggrhhnxzftdaghc/Build/Products/Debug-iphonesimulator/tpSales.app
info Launching "com.tpsales"
success Successfully launched the app
