// Jest Snapshot v1, https://goo.gl/fbAQLP

exports[`Test for the component TextInput snapshot tests for TextInput 1`] = `
<View>
  <TextInput
    autoComplete="new-password"
    keyboardType="default"
    numberOfLines={1}
    onChangeText={[Function]}
    onFocus={[Function]}
    placeholderTextColor="#907FA2"
    readonly={true}
    style={
      [
        {
          "borderColor": "#C4C4C4",
          "borderRadius": 3,
          "borderWidth": 0.5,
          "color": "#000000",
          "minHeight": 40,
          "outlineStyle": "none",
          "paddingHorizontal": 10,
          "paddingVertical": 0,
        },
        undefined,
        undefined,
        undefined,
        undefined,
        {
          "fontSize": 16,
        },
      ]
    }
    testID="input-test"
    textAlignVertical="center"
  />
</View>
`;
