// Jest Snapshot v1, https://goo.gl/fbAQLP

exports[`Test for the component DropdownItem snapshot tests for DropdownItem 1`] = `
<View>
  <View
    accessibilityState={
      {
        "busy": undefined,
        "checked": undefined,
        "disabled": undefined,
        "expanded": undefined,
        "selected": undefined,
      }
    }
    accessibilityValue={
      {
        "max": undefined,
        "min": undefined,
        "now": undefined,
        "text": undefined,
      }
    }
    accessible={true}
    collapsable={false}
    focusable={true}
    onBlur={[Function]}
    onClick={[Function]}
    onFocus={[Function]}
    onResponderGrant={[Function]}
    onResponderMove={[Function]}
    onResponderRelease={[Function]}
    onResponderTerminate={[Function]}
    onResponderTerminationRequest={[Function]}
    onStartShouldSetResponder={[Function]}
    style={
      [
        {
          "backgroundColor": "#ffffff",
        },
        {
          "paddingHorizontal": 30,
          "width": "100%",
        },
      ]
    }
  >
    <Text
      style={
        [
          {
            "color": "#000000",
            "fontSize": 10,
            "textAlignVertical": "center",
          },
          {
            "backgroundColor": "none",
            "lineHeight": 50,
            "textAlign": "left",
            "width": "100%",
          },
          {
            "fontSize": 14,
          },
          undefined,
        ]
      }
    >
      Test
    </Text>
  </View>
</View>
`;
