// Jest Snapshot v1, https://goo.gl/fbAQLP

exports[`Test for the component ChartWrapper snapshot tests for ChartWrapper 1`] = `
<View
  style={
    {
      "backgroundColor": "#220046",
      "borderRadius": 8,
      "overflow": "hidden",
    }
  }
>
  <View
    style={
      {
        "alignItems": "center",
        "justifyContent": "center",
        "marginHorizontal": 20,
        "marginVertical": 16,
      }
    }
  >
    <View
      style={
        {
          "alignSelf": "stretch",
          "display": "flex",
          "flexDirection": "column",
          "flexGrow": 1,
          "flexShrink": 1,
          "gap": 0.1,
        }
      }
      testID="dropdown-test-container"
    >
      <View
        onLayout={[Function]}
        style={
          [
            {
              "alignItems": "center",
              "backgroundColor": "#ffffff",
              "flexDirection": "row",
              "overflow": "hidden",
              "padding": 4,
            },
            {
              "backgroundColor": "rgba(255, 255, 255, 0)",
              "borderBottomColor": "#AF8EE9",
              "borderBottomWidth": 1,
              "borderColor": "#AF8EE9",
              "borderRadius": 2,
              "borderWidth": 1,
              "height": 32,
              "paddingLeft": 10,
              "paddingRight": 10,
              "width": 130,
            },
          ]
        }
      >
        <View
          accessibilityState={
            {
              "busy": undefined,
              "checked": undefined,
              "disabled": undefined,
              "expanded": undefined,
              "selected": undefined,
            }
          }
          accessibilityValue={
            {
              "max": undefined,
              "min": undefined,
              "now": undefined,
              "text": undefined,
            }
          }
          accessible={true}
          collapsable={false}
          focusable={true}
          onBlur={[Function]}
          onClick={[Function]}
          onFocus={[Function]}
          onResponderGrant={[Function]}
          onResponderMove={[Function]}
          onResponderRelease={[Function]}
          onResponderTerminate={[Function]}
          onResponderTerminationRequest={[Function]}
          onStartShouldSetResponder={[Function]}
          style={
            {
              "flexDirection": "row",
              "justifyContent": "space-between",
              "width": "100%",
            }
          }
        >
          <TextInput
            autoComplete="new-password"
            editable={false}
            keyboardType="default"
            numberOfLines={1}
            onChangeText={[Function]}
            onFocus={[Function]}
            placeholder="Select"
            placeholderTextColor="#ffffff"
            style={
              [
                {
                  "borderColor": "#C4C4C4",
                  "borderRadius": 3,
                  "borderWidth": 0.5,
                  "color": "#000000",
                  "minHeight": 40,
                  "outlineStyle": "none",
                  "paddingHorizontal": 10,
                  "paddingVertical": 0,
                },
                undefined,
                [
                  {
                    "alignContent": "center",
                    "borderWidth": 0,
                    "flexGrow": 1,
                    "flexShrink": 1,
                    "fontFamily": "VoltePlay-Regular",
                    "fontSize": 14,
                    "fontWeight": "300",
                    "minHeight": "auto",
                    "paddingHorizontal": 0,
                    "width": "85%",
                  },
                  {
                    "backgroundColor": "rgba(255, 255, 255, 0)",
                    "fontFamily": "VoltePlay-Medium",
                    "fontSize": 14,
                    "height": 35,
                  },
                ],
                undefined,
                undefined,
                {
                  "fontSize": 14,
                },
              ]
            }
            testID="input-test"
            textAlignVertical="center"
            value=""
          />
          <View
            style={
              {
                "alignItems": "flex-end",
                "justifyContent": "center",
                "paddingRight": 4,
                "width": "15%",
              }
            }
          >
            <View
              testID="image-test"
            >
              <Image
                defaultSource="mockedImagePath"
                onError={[Function]}
                resizeMode="contain"
                source={
                  {
                    "uri": "mockedPath",
                  }
                }
                style={
                  [
                    {
                      "resizeMode": "contain",
                    },
                    {
                      "borderRadius": 0,
                      "height": 100,
                      "width": 200,
                    },
                    undefined,
                  ]
                }
              />
            </View>
          </View>
        </View>
      </View>
    </View>
  </View>
  <View
    style={
      {
        "backgroundColor": "#390175",
        "justifyContent": "center",
        "paddingLeft": 15,
        "width": "100%",
      }
    }
  >
    <View
      style={
        {
          "alignItems": "center",
          "flexDirection": "row",
        }
      }
    >
      <View
        style={
          {
            "alignItems": "center",
            "backgroundColor": "#5001A4",
            "borderRadius": 8,
            "flexDirection": "row",
            "gap": 6,
            "marginLeft": 5,
            "marginRight": 16,
            "padding": 8,
          }
        }
      >
        <Text
          style={
            [
              {
                "color": "#000000",
                "fontSize": 10,
                "textAlignVertical": "center",
              },
              {
                "color": "#ffffff",
                "fontFamily": "VoltePlay-Regular",
                "fontSize": 16,
              },
              {
                "fontSize": 16,
              },
              undefined,
            ]
          }
        >
          strings.ftd
        </Text>
        <Text
          style={
            [
              {
                "color": "#000000",
                "fontSize": 10,
                "textAlignVertical": "center",
              },
              [
                {
                  "color": "#ffffff",
                  "fontFamily": "VoltePlay-Regular",
                  "fontSize": 16,
                },
                {
                  "fontFamily": "VoltePlay-Medium",
                  "fontSize": 18,
                },
              ],
              {
                "fontSize": 18,
              },
              undefined,
            ]
          }
        >
          20
        </Text>
      </View>
      <View
        style={
          {
            "alignItems": "center",
            "backgroundColor": "#5001A4",
            "borderRadius": 8,
            "flexDirection": "row",
            "gap": 6,
            "marginLeft": 5,
            "marginRight": 16,
            "padding": 8,
          }
        }
      >
        <Text
          style={
            [
              {
                "color": "#000000",
                "fontSize": 10,
                "textAlignVertical": "center",
              },
              {
                "color": "#ffffff",
                "fontFamily": "VoltePlay-Regular",
                "fontSize": 16,
              },
              {
                "fontSize": 16,
              },
              undefined,
            ]
          }
        >
          strings.mtd
        </Text>
        <Text
          style={
            [
              {
                "color": "#000000",
                "fontSize": 10,
                "textAlignVertical": "center",
              },
              [
                {
                  "color": "#ffffff",
                  "fontFamily": "VoltePlay-Regular",
                  "fontSize": 16,
                },
                {
                  "fontFamily": "VoltePlay-Medium",
                  "fontSize": 18,
                },
              ],
              {
                "fontSize": 18,
              },
              undefined,
            ]
          }
        >
          32
        </Text>
      </View>
      <View
        style={
          {
            "alignItems": "center",
            "justifyContent": "center",
            "marginHorizontal": 20,
            "marginVertical": 16,
          }
        }
      >
        <View
          style={
            {
              "alignSelf": "stretch",
              "display": "flex",
              "flexDirection": "column",
              "flexGrow": 1,
              "flexShrink": 1,
              "gap": 0.1,
            }
          }
          testID="dropdown-test-container"
        >
          <View
            onLayout={[Function]}
            style={
              [
                {
                  "alignItems": "center",
                  "backgroundColor": "#ffffff",
                  "flexDirection": "row",
                  "overflow": "hidden",
                  "padding": 4,
                },
                {
                  "backgroundColor": "rgba(255, 255, 255, 0)",
                  "borderBottomColor": "#AF8EE9",
                  "borderBottomWidth": 1,
                  "borderRadius": 2,
                  "height": 32,
                  "paddingLeft": 10,
                  "paddingRight": 10,
                  "width": 130,
                },
              ]
            }
          >
            <View
              accessibilityState={
                {
                  "busy": undefined,
                  "checked": undefined,
                  "disabled": undefined,
                  "expanded": undefined,
                  "selected": undefined,
                }
              }
              accessibilityValue={
                {
                  "max": undefined,
                  "min": undefined,
                  "now": undefined,
                  "text": undefined,
                }
              }
              accessible={true}
              collapsable={false}
              focusable={true}
              onBlur={[Function]}
              onClick={[Function]}
              onFocus={[Function]}
              onResponderGrant={[Function]}
              onResponderMove={[Function]}
              onResponderRelease={[Function]}
              onResponderTerminate={[Function]}
              onResponderTerminationRequest={[Function]}
              onStartShouldSetResponder={[Function]}
              style={
                {
                  "flexDirection": "row",
                  "justifyContent": "space-between",
                  "width": "100%",
                }
              }
            >
              <TextInput
                autoComplete="new-password"
                editable={false}
                keyboardType="default"
                numberOfLines={1}
                onChangeText={[Function]}
                onFocus={[Function]}
                placeholder="Select"
                placeholderTextColor="#ffffff"
                style={
                  [
                    {
                      "borderColor": "#C4C4C4",
                      "borderRadius": 3,
                      "borderWidth": 0.5,
                      "color": "#000000",
                      "minHeight": 40,
                      "outlineStyle": "none",
                      "paddingHorizontal": 10,
                      "paddingVertical": 0,
                    },
                    undefined,
                    [
                      {
                        "alignContent": "center",
                        "borderWidth": 0,
                        "flexGrow": 1,
                        "flexShrink": 1,
                        "fontFamily": "VoltePlay-Regular",
                        "fontSize": 14,
                        "fontWeight": "300",
                        "minHeight": "auto",
                        "paddingHorizontal": 0,
                        "width": "85%",
                      },
                      {
                        "backgroundColor": "rgba(255, 255, 255, 0)",
                        "fontFamily": "VoltePlay-Medium",
                        "fontSize": 14,
                        "height": 35,
                      },
                    ],
                    undefined,
                    undefined,
                    {
                      "fontSize": 14,
                    },
                  ]
                }
                testID="input-test"
                textAlignVertical="center"
                value=""
              />
              <View
                style={
                  {
                    "alignItems": "flex-end",
                    "justifyContent": "center",
                    "paddingRight": 4,
                    "width": "15%",
                  }
                }
              >
                <View
                  testID="image-test"
                >
                  <Image
                    defaultSource="mockedImagePath"
                    onError={[Function]}
                    resizeMode="contain"
                    source={
                      {
                        "uri": "mockedPath",
                      }
                    }
                    style={
                      [
                        {
                          "resizeMode": "contain",
                        },
                        {
                          "borderRadius": 0,
                          "height": 100,
                          "width": 200,
                        },
                        undefined,
                      ]
                    }
                  />
                </View>
              </View>
            </View>
          </View>
        </View>
      </View>
    </View>
    <View
      style={
        {
          "flex": 1,
        }
      }
      testID="barChartTest"
    >
      VictoryChart
    </View>
  </View>
</View>
`;
