// Jest Snapshot v1, https://goo.gl/fbAQLP

exports[`MyEvdBalance Component matches snapshot 1`] = `
<View
  style={
    {
      "alignItems": "center",
      "flex": 1,
      "gap": 16,
      "justifyContent": "center",
    }
  }
>
  <View
    style={
      {
        "gap": 10,
        "paddingLeft": 10,
        "paddingRight": 10,
        "width": "100%",
      }
    }
  >
    <View>
      <Text>
        strings.currentBalance
      </Text>
      <Text>
        ₹500
      </Text>
    </View>
  </View>
  <View
    style={
      {
        "gap": 10,
        "paddingLeft": 10,
        "paddingRight": 10,
        "width": "100%",
      }
    }
  >
    <View
      accessibilityState={
        {
          "busy": undefined,
          "checked": undefined,
          "disabled": undefined,
          "expanded": undefined,
          "selected": undefined,
        }
      }
      accessibilityValue={
        {
          "max": undefined,
          "min": undefined,
          "now": undefined,
          "text": undefined,
        }
      }
      accessible={true}
      collapsable={false}
      focusable={true}
      onClick={[Function]}
      onResponderGrant={[Function]}
      onResponderMove={[Function]}
      onResponderRelease={[Function]}
      onResponderTerminate={[Function]}
      onResponderTerminationRequest={[Function]}
      onStartShouldSetResponder={[Function]}
      style={
        {
          "opacity": 1,
        }
      }
      testID="action-tile-strings.rechargeTransaction"
    >
      <Text>
        strings.rechargeTransaction
      </Text>
    </View>
  </View>
  <View
    style={
      {
        "gap": 10,
        "paddingLeft": 10,
        "paddingRight": 10,
        "width": "100%",
      }
    }
  >
    <View
      accessibilityState={
        {
          "busy": undefined,
          "checked": undefined,
          "disabled": undefined,
          "expanded": undefined,
          "selected": undefined,
        }
      }
      accessibilityValue={
        {
          "max": undefined,
          "min": undefined,
          "now": undefined,
          "text": undefined,
        }
      }
      accessible={true}
      collapsable={false}
      focusable={true}
      onClick={[Function]}
      onResponderGrant={[Function]}
      onResponderMove={[Function]}
      onResponderRelease={[Function]}
      onResponderTerminate={[Function]}
      onResponderTerminationRequest={[Function]}
      onStartShouldSetResponder={[Function]}
      style={
        {
          "opacity": 1,
        }
      }
      testID="action-tile-strings.otfCreditDetails"
    >
      <Text>
        strings.otfCreditDetails
      </Text>
    </View>
  </View>
  <View
    style={
      {
        "gap": 10,
        "paddingLeft": 10,
        "paddingRight": 10,
        "width": "100%",
      }
    }
  >
    <View
      accessibilityState={
        {
          "busy": undefined,
          "checked": undefined,
          "disabled": undefined,
          "expanded": undefined,
          "selected": undefined,
        }
      }
      accessibilityValue={
        {
          "max": undefined,
          "min": undefined,
          "now": undefined,
          "text": undefined,
        }
      }
      accessible={true}
      collapsable={false}
      focusable={true}
      onClick={[Function]}
      onResponderGrant={[Function]}
      onResponderMove={[Function]}
      onResponderRelease={[Function]}
      onResponderTerminate={[Function]}
      onResponderTerminationRequest={[Function]}
      onStartShouldSetResponder={[Function]}
      style={
        {
          "opacity": 1,
        }
      }
      testID="action-tile-strings.balanceTransferDetails"
    >
      <Text>
        strings.balanceTransferDetails
      </Text>
    </View>
  </View>
  <View
    style={
      {
        "gap": 10,
        "paddingLeft": 10,
        "paddingRight": 10,
        "width": "100%",
      }
    }
  >
    <View
      accessibilityState={
        {
          "busy": undefined,
          "checked": undefined,
          "disabled": undefined,
          "expanded": undefined,
          "selected": undefined,
        }
      }
      accessibilityValue={
        {
          "max": undefined,
          "min": undefined,
          "now": undefined,
          "text": undefined,
        }
      }
      accessible={true}
      collapsable={false}
      focusable={true}
      onClick={[Function]}
      onResponderGrant={[Function]}
      onResponderMove={[Function]}
      onResponderRelease={[Function]}
      onResponderTerminate={[Function]}
      onResponderTerminationRequest={[Function]}
      onStartShouldSetResponder={[Function]}
      style={
        {
          "opacity": 1,
        }
      }
      testID="action-tile-strings.consolidatedTransactions"
    >
      <Text>
        strings.consolidatedTransactions
      </Text>
    </View>
  </View>
</View>
`;
