// Jest Snapshot v1, https://goo.gl/fbAQLP

exports[`Test for the component Checkbox snapshot tests for Checkbox 1`] = `
<View>
  <View
    testID="checkbox-test"
  >
    <View
      style={
        {
          "alignItems": "flex-start",
          "flexDirection": "row",
          "gap": 8,
          "width": "100%",
        }
      }
    >
      <View
        accessibilityState={
          {
            "busy": undefined,
            "checked": undefined,
            "disabled": undefined,
            "expanded": undefined,
            "selected": undefined,
          }
        }
        accessibilityValue={
          {
            "max": undefined,
            "min": undefined,
            "now": undefined,
            "text": undefined,
          }
        }
        accessible={true}
        collapsable={false}
        focusable={true}
        onBlur={[Function]}
        onClick={[Function]}
        onFocus={[Function]}
        onResponderGrant={[Function]}
        onResponderMove={[Function]}
        onResponderRelease={[Function]}
        onResponderTerminate={[Function]}
        onResponderTerminationRequest={[Function]}
        onStartShouldSetResponder={[Function]}
        style={
          [
            {
              "alignItems": "center",
              "backgroundColor": "rgba(255, 255, 255, 0)",
              "borderColor": "#E20092",
              "borderRadius": 3,
              "borderWidth": 2,
              "height": 18,
              "justifyContent": "center",
              "marginTop": 3,
              "width": 18,
            },
            {},
          ]
        }
      />
      <View
        style={
          {
            "flex": 1,
            "gap": 4,
            "marginTop": 3,
          }
        }
      >
        <View
          accessibilityState={
            {
              "busy": undefined,
              "checked": undefined,
              "disabled": undefined,
              "expanded": undefined,
              "selected": undefined,
            }
          }
          accessibilityValue={
            {
              "max": undefined,
              "min": undefined,
              "now": undefined,
              "text": undefined,
            }
          }
          accessible={true}
          collapsable={false}
          focusable={true}
          onBlur={[Function]}
          onClick={[Function]}
          onFocus={[Function]}
          onResponderGrant={[Function]}
          onResponderMove={[Function]}
          onResponderRelease={[Function]}
          onResponderTerminate={[Function]}
          onResponderTerminationRequest={[Function]}
          onStartShouldSetResponder={[Function]}
        >
          <Text
            style={
              [
                {
                  "color": "#000000",
                  "fontSize": 10,
                  "textAlignVertical": "center",
                },
                [
                  {},
                  undefined,
                ],
                {
                  "fontSize": 14,
                },
                undefined,
              ]
            }
          >
            checkbox
          </Text>
        </View>
      </View>
    </View>
  </View>
</View>
`;
