// Jest Snapshot v1, https://goo.gl/fbAQLP

exports[`Test for the component SlabList snapshot tests for SlabList PRIMARY 1`] = `
<View
  style={
    {
      "alignItems": "center",
      "flex": 1,
      "justifyContent": "center",
    }
  }
  testID="slabList-test-container"
>
  <View
    style={
      [
        {
          "maxHeight": undefined,
          "width": "100%",
        },
        false,
        {
          "flex": 1,
          "maxHeight": 230,
          "overflow": "hidden",
          "paddingTop": 14,
          "width": "100%",
        },
      ]
    }
  >
    <RCTScrollView
      contentContainerStyle={
        {
          "overflow": "scroll",
        }
      }
      data={
        [
          {
            "label": "Slab 1",
            "offer": "Offer 1",
            "parterMargin": "10%",
            "statusNT": "Active",
            "subscriberId": "sub1",
          },
          {
            "label": "Slab 2",
            "offer": "Offer 2",
            "parterMargin": "20%",
            "statusNT": "INACTIVE",
            "subscriberId": "sub2",
          },
        ]
      }
      getItem={[Function]}
      getItemCount={[Function]}
      keyExtractor={[Function]}
      nestedScrollEnabled={true}
      onContentSizeChange={[Function]}
      onLayout={[Function]}
      onMomentumScrollBegin={[Function]}
      onMomentumScrollEnd={[Function]}
      onScroll={[Function]}
      onScrollBeginDrag={[Function]}
      onScrollEndDrag={[Function]}
      persistentScrollbar={true}
      removeClippedSubviews={false}
      renderItem={[Function]}
      scrollEnabled={true}
      scrollEventThrottle={0.0001}
      showsVerticalScrollIndicator={true}
      stickyHeaderIndices={[]}
      viewabilityConfigCallbackPairs={[]}
    >
      <View>
        <View
          onFocusCapture={[Function]}
          onLayout={[Function]}
          style={null}
        >
          <View
            accessibilityState={
              {
                "busy": undefined,
                "checked": undefined,
                "disabled": undefined,
                "expanded": undefined,
                "selected": undefined,
              }
            }
            accessibilityValue={
              {
                "max": undefined,
                "min": undefined,
                "now": undefined,
                "text": undefined,
              }
            }
            accessible={true}
            collapsable={false}
            focusable={true}
            onBlur={[Function]}
            onClick={[Function]}
            onFocus={[Function]}
            onResponderGrant={[Function]}
            onResponderMove={[Function]}
            onResponderRelease={[Function]}
            onResponderTerminate={[Function]}
            onResponderTerminationRequest={[Function]}
            onStartShouldSetResponder={[Function]}
            style={
              [
                {
                  "alignItems": "center",
                  "borderColor": "#C4C4C4",
                  "borderRadius": 4,
                  "borderWidth": 1,
                  "flexDirection": "row",
                  "gap": 10,
                  "marginBottom": 10,
                  "padding": 12,
                  "width": "100%",
                },
                {
                  "borderColor": "#E20092",
                },
              ]
            }
          >
            <View
              style={
                {
                  "alignItems": "center",
                  "alignSelf": "center",
                  "borderColor": "#E20092",
                  "borderRadius": 10,
                  "borderWidth": 1,
                  "height": 16,
                  "justifyContent": "center",
                  "width": 16,
                }
              }
            >
              <View
                style={
                  {
                    "alignItems": "center",
                    "backgroundColor": "#E20092",
                    "borderRadius": 10,
                    "height": 10,
                    "justifyContent": "center",
                    "width": 10,
                  }
                }
              />
            </View>
            <View
              style={
                {
                  "alignItems": "center",
                  "flex": 1,
                  "flexDirection": "row",
                  "gap": 12,
                  "justifyContent": "space-between",
                }
              }
            >
              <View>
                <Text
                  style={
                    [
                      {
                        "color": "#000000",
                        "fontSize": 10,
                        "textAlignVertical": "center",
                      },
                      {
                        "fontFamily": "VoltePlay-Regular",
                        "fontSize": 16,
                        "fontWeight": "600",
                      },
                      {
                        "fontSize": 16,
                      },
                      undefined,
                    ]
                  }
                >
                  Slab 1
                </Text>
                <View
                  style={
                    {
                      "flexDirection": "row",
                    }
                  }
                >
                  <View
                    testID="image-test"
                  >
                    <Image
                      defaultSource="mockedImagePath"
                      onError={[Function]}
                      resizeMode="contain"
                      source={
                        {
                          "uri": "mockedPath",
                        }
                      }
                      style={
                        [
                          {
                            "resizeMode": "contain",
                          },
                          {
                            "borderRadius": 0,
                            "height": 15,
                            "width": 15,
                          },
                          {
                            "height": 15,
                            "marginRight": 5,
                            "marginTop": 1,
                            "width": 15,
                          },
                        ]
                      }
                    />
                  </View>
                  <Text
                    style={
                      [
                        {
                          "color": "#000000",
                          "fontSize": 10,
                          "textAlignVertical": "center",
                        },
                        {
                          "color": "#6B00DE",
                          "fontFamily": "VoltePlay-Regular",
                          "fontSize": 14,
                          "lineHeight": 20,
                        },
                        {
                          "fontSize": 14,
                        },
                        undefined,
                      ]
                    }
                  >
                    Offer 1
                  </Text>
                </View>
                <View
                  style={
                    {
                      "flexDirection": "row",
                    }
                  }
                >
                  <Text
                    style={
                      [
                        {
                          "color": "#000000",
                          "fontSize": 10,
                          "textAlignVertical": "center",
                        },
                        {
                          "color": "#000000",
                          "fontFamily": "VoltePlay-Regular",
                          "fontSize": 14,
                          "lineHeight": 20,
                        },
                        {
                          "fontSize": 14,
                        },
                        undefined,
                      ]
                    }
                  >
                    alertMessages.partnerMarginText
                  </Text>
                  <Text
                    style={
                      [
                        {
                          "color": "#000000",
                          "fontSize": 10,
                          "textAlignVertical": "center",
                        },
                        {
                          "color": "#000000",
                          "fontFamily": "VoltePlay-Regular",
                          "fontSize": 14,
                          "lineHeight": 20,
                        },
                        {
                          "fontSize": 14,
                        },
                        undefined,
                      ]
                    }
                  >
                    10%
                  </Text>
                </View>
              </View>
            </View>
          </View>
        </View>
        <View
          onFocusCapture={[Function]}
          onLayout={[Function]}
          style={null}
        >
          <View
            accessibilityState={
              {
                "busy": undefined,
                "checked": undefined,
                "disabled": undefined,
                "expanded": undefined,
                "selected": undefined,
              }
            }
            accessibilityValue={
              {
                "max": undefined,
                "min": undefined,
                "now": undefined,
                "text": undefined,
              }
            }
            accessible={true}
            collapsable={false}
            focusable={true}
            onBlur={[Function]}
            onClick={[Function]}
            onFocus={[Function]}
            onResponderGrant={[Function]}
            onResponderMove={[Function]}
            onResponderRelease={[Function]}
            onResponderTerminate={[Function]}
            onResponderTerminationRequest={[Function]}
            onStartShouldSetResponder={[Function]}
            style={
              [
                {
                  "alignItems": "center",
                  "borderColor": "#C4C4C4",
                  "borderRadius": 4,
                  "borderWidth": 1,
                  "flexDirection": "row",
                  "gap": 10,
                  "marginBottom": 10,
                  "padding": 12,
                  "width": "100%",
                },
                false,
              ]
            }
          >
            <View
              style={
                {
                  "alignItems": "center",
                  "alignSelf": "center",
                  "borderColor": "#E20092",
                  "borderRadius": 10,
                  "borderWidth": 1,
                  "height": 16,
                  "justifyContent": "center",
                  "width": 16,
                }
              }
            />
            <View
              style={
                {
                  "alignItems": "center",
                  "flex": 1,
                  "flexDirection": "row",
                  "gap": 12,
                  "justifyContent": "space-between",
                }
              }
            >
              <View>
                <Text
                  style={
                    [
                      {
                        "color": "#000000",
                        "fontSize": 10,
                        "textAlignVertical": "center",
                      },
                      {
                        "fontFamily": "VoltePlay-Regular",
                        "fontSize": 16,
                        "fontWeight": "600",
                      },
                      {
                        "fontSize": 16,
                      },
                      undefined,
                    ]
                  }
                >
                  Slab 2
                </Text>
                <View
                  style={
                    {
                      "flexDirection": "row",
                    }
                  }
                >
                  <View
                    testID="image-test"
                  >
                    <Image
                      defaultSource="mockedImagePath"
                      onError={[Function]}
                      resizeMode="contain"
                      source={
                        {
                          "uri": "mockedPath",
                        }
                      }
                      style={
                        [
                          {
                            "resizeMode": "contain",
                          },
                          {
                            "borderRadius": 0,
                            "height": 15,
                            "width": 15,
                          },
                          {
                            "height": 15,
                            "marginRight": 5,
                            "marginTop": 1,
                            "width": 15,
                          },
                        ]
                      }
                    />
                  </View>
                  <Text
                    style={
                      [
                        {
                          "color": "#000000",
                          "fontSize": 10,
                          "textAlignVertical": "center",
                        },
                        {
                          "color": "#6B00DE",
                          "fontFamily": "VoltePlay-Regular",
                          "fontSize": 14,
                          "lineHeight": 20,
                        },
                        {
                          "fontSize": 14,
                        },
                        undefined,
                      ]
                    }
                  >
                    Offer 2
                  </Text>
                </View>
                <View
                  style={
                    {
                      "flexDirection": "row",
                    }
                  }
                >
                  <Text
                    style={
                      [
                        {
                          "color": "#000000",
                          "fontSize": 10,
                          "textAlignVertical": "center",
                        },
                        {
                          "color": "#000000",
                          "fontFamily": "VoltePlay-Regular",
                          "fontSize": 14,
                          "lineHeight": 20,
                        },
                        {
                          "fontSize": 14,
                        },
                        undefined,
                      ]
                    }
                  >
                    alertMessages.partnerMarginText
                  </Text>
                  <Text
                    style={
                      [
                        {
                          "color": "#000000",
                          "fontSize": 10,
                          "textAlignVertical": "center",
                        },
                        {
                          "color": "#000000",
                          "fontFamily": "VoltePlay-Regular",
                          "fontSize": 14,
                          "lineHeight": 20,
                        },
                        {
                          "fontSize": 14,
                        },
                        undefined,
                      ]
                    }
                  >
                    20%
                  </Text>
                </View>
              </View>
            </View>
          </View>
        </View>
      </View>
    </RCTScrollView>
  </View>
  <View
    style={
      {
        "flexDirection": "row",
      }
    }
  >
    <Text
      style={
        [
          {
            "color": "#000000",
            "fontSize": 10,
            "textAlignVertical": "center",
          },
          {
            "color": "#000000",
            "fontFamily": "VoltePlay-Regular",
            "fontSize": 14,
            "lineHeight": 20,
          },
          {
            "fontSize": 14,
          },
          undefined,
        ]
      }
    >
      alertMessages.offerBonusNote
    </Text>
  </View>
</View>
`;
